Archive member included to satisfy reference by file (symbol)

.\CortexM0\ARM_GCC_541\Debug\ScienceFirmware.a(CyLib.o)
                              .\CortexM0\ARM_GCC_541\Debug\cyfitter_cfg.o (CyIntEnable)
.\CortexM0\ARM_GCC_541\Debug\ScienceFirmware.a(CyLFClk.o)
                              .\CortexM0\ARM_GCC_541\Debug\ScienceFirmware.a(CyLib.o) (CySysClkWcoEnabled)
.\CortexM0\ARM_GCC_541\Debug\ScienceFirmware.a(I2CMaster.o)
                              .\CortexM0\ARM_GCC_541\Debug\main.o (I2CMaster_Start)
.\CortexM0\ARM_GCC_541\Debug\ScienceFirmware.a(I2CMaster_I2C.o)
                              .\CortexM0\ARM_GCC_541\Debug\ScienceFirmware.a(I2CMaster.o) (I2CMaster_I2CInit)
.\CortexM0\ARM_GCC_541\Debug\ScienceFirmware.a(I2CMaster_I2C_MASTER.o)
                              .\CortexM0\ARM_GCC_541\Debug\main.o (I2CMaster_I2CMasterSendStart)
.\CortexM0\ARM_GCC_541\Debug\ScienceFirmware.a(PWM.o)
                              .\CortexM0\ARM_GCC_541\Debug\main.o (PWM_Enable)
.\CortexM0\ARM_GCC_541\Debug\ScienceFirmware.a(CyBootAsmGnu.o)
                              .\CortexM0\ARM_GCC_541\Debug\ScienceFirmware.a(CyLib.o) (CyDelayCycles)
.\CortexM0\ARM_GCC_541\Debug\ScienceFirmware.a(CyFlash.o)
                              .\CortexM0\ARM_GCC_541\Debug\ScienceFirmware.a(CyLib.o) (CySysFlashSetWaitCycles)
.\CortexM0\ARM_GCC_541\Debug\ScienceFirmware.a(I2CMaster_I2C_INT.o)
                              .\CortexM0\ARM_GCC_541\Debug\ScienceFirmware.a(I2CMaster_I2C.o) (I2CMaster_I2C_ISR)
d:/program files (x86)/cypress/psoc creator/4.2/psoc creator/import/gnu/arm/5.4.1/bin/../lib/gcc/arm-none-eabi/5.4.1/armv6-m\libgcc.a(_udivsi3.o)
                              .\CortexM0\ARM_GCC_541\Debug\ScienceFirmware.a(CyLib.o) (__aeabi_uidiv)
d:/program files (x86)/cypress/psoc creator/4.2/psoc creator/import/gnu/arm/5.4.1/bin/../lib/gcc/arm-none-eabi/5.4.1/armv6-m\libgcc.a(_divsi3.o)
                              .\CortexM0\ARM_GCC_541\Debug\main.o (__aeabi_idiv)
d:/program files (x86)/cypress/psoc creator/4.2/psoc creator/import/gnu/arm/5.4.1/bin/../lib/gcc/arm-none-eabi/5.4.1/armv6-m\libgcc.a(_dvmd_tls.o)
                              d:/program files (x86)/cypress/psoc creator/4.2/psoc creator/import/gnu/arm/5.4.1/bin/../lib/gcc/arm-none-eabi/5.4.1/armv6-m\libgcc.a(_udivsi3.o) (__aeabi_idiv0)
d:/program files (x86)/cypress/psoc creator/4.2/psoc creator/import/gnu/arm/5.4.1/bin/../lib/gcc/arm-none-eabi/5.4.1/armv6-m\libgcc.a(_aeabi_ldivmod.o)
                              .\CortexM0\ARM_GCC_541\Debug\main.o (__aeabi_ldivmod)
d:/program files (x86)/cypress/psoc creator/4.2/psoc creator/import/gnu/arm/5.4.1/bin/../lib/gcc/arm-none-eabi/5.4.1/armv6-m\libgcc.a(_muldi3.o)
                              .\CortexM0\ARM_GCC_541\Debug\main.o (__aeabi_lmul)
d:/program files (x86)/cypress/psoc creator/4.2/psoc creator/import/gnu/arm/5.4.1/bin/../lib/gcc/arm-none-eabi/5.4.1/armv6-m\libgcc.a(bpabi.o)
                              d:/program files (x86)/cypress/psoc creator/4.2/psoc creator/import/gnu/arm/5.4.1/bin/../lib/gcc/arm-none-eabi/5.4.1/armv6-m\libgcc.a(_aeabi_ldivmod.o) (__gnu_ldivmod_helper)
d:/program files (x86)/cypress/psoc creator/4.2/psoc creator/import/gnu/arm/5.4.1/bin/../lib/gcc/arm-none-eabi/5.4.1/armv6-m\libgcc.a(_divdi3.o)
                              d:/program files (x86)/cypress/psoc creator/4.2/psoc creator/import/gnu/arm/5.4.1/bin/../lib/gcc/arm-none-eabi/5.4.1/armv6-m\libgcc.a(bpabi.o) (__divdi3)
d:/program files (x86)/cypress/psoc creator/4.2/psoc creator/import/gnu/arm/5.4.1/bin/../lib/gcc/arm-none-eabi/5.4.1/armv6-m\libgcc.a(_clzdi2.o)
                              d:/program files (x86)/cypress/psoc creator/4.2/psoc creator/import/gnu/arm/5.4.1/bin/../lib/gcc/arm-none-eabi/5.4.1/armv6-m\libgcc.a(_divdi3.o) (__clzdi2)
d:/program files (x86)/cypress/psoc creator/4.2/psoc creator/import/gnu/arm/5.4.1/bin/../lib/gcc/arm-none-eabi/5.4.1/armv6-m\libgcc.a(_clzsi2.o)
                              d:/program files (x86)/cypress/psoc creator/4.2/psoc creator/import/gnu/arm/5.4.1/bin/../lib/gcc/arm-none-eabi/5.4.1/armv6-m\libgcc.a(_clzdi2.o) (__clzsi2)
d:/program files (x86)/cypress/psoc creator/4.2/psoc creator/import/gnu/arm/5.4.1/bin/../lib/gcc/arm-none-eabi/5.4.1/../../../../arm-none-eabi/lib/armv6-m\libg_nano.a(lib_a-clock.o)
                              .\CortexM0\ARM_GCC_541\Debug\main.o (clock)
d:/program files (x86)/cypress/psoc creator/4.2/psoc creator/import/gnu/arm/5.4.1/bin/../lib/gcc/arm-none-eabi/5.4.1/../../../../arm-none-eabi/lib/armv6-m\libg_nano.a(lib_a-errno.o)
                              .\CortexM0\ARM_GCC_541\Debug\Cm0Start.o (__errno)
d:/program files (x86)/cypress/psoc creator/4.2/psoc creator/import/gnu/arm/5.4.1/bin/../lib/gcc/arm-none-eabi/5.4.1/../../../../arm-none-eabi/lib/armv6-m\libg_nano.a(lib_a-exit.o)
[...]
Memory Configuration

Name             Origin             Length             Attributes
rom              0x00000000         0x00008000         xr
ram              0x20000000         0x00001000         xrw
*default*        0x00000000         0xffffffff

Linker script and memory map

LOAD d:/program files (x86)/cypress/psoc creator/4.2/psoc creator/import/gnu/arm/5.4.1/bin/../lib/gcc/arm-none-eabi/5.4.1/armv6-m/crti.o
LOAD d:/program files (x86)/cypress/psoc creator/4.2/psoc creator/import/gnu/arm/5.4.1/bin/../lib/gcc/arm-none-eabi/5.4.1/armv6-m/crtbegin.o
LOAD d:/program files (x86)/cypress/psoc creator/4.2/psoc creator/import/gnu/arm/5.4.1/bin/../lib/gcc/arm-none-eabi/5.4.1/../../../../arm-none-eabi/lib/armv6-m/crt0.o
START GROUP
LOAD .\CortexM0\ARM_GCC_541\Debug\main.o
LOAD .\CortexM0\ARM_GCC_541\Debug\cyfitter_cfg.o
LOAD .\CortexM0\ARM_GCC_541\Debug\cymetadata.o
LOAD .\CortexM0\ARM_GCC_541\Debug\Cm0Start.o
LOAD .\CortexM0\ARM_GCC_541\Debug\ScienceFirmware.a
END GROUP
START GROUP
LOAD d:/program files (x86)/cypress/psoc creator/4.2/psoc creator/import/gnu/arm/5.4.1/bin/../lib/gcc/arm-none-eabi/5.4.1/armv6-m\libgcc.a
LOAD d:/program files (x86)/cypress/psoc creator/4.2/psoc creator/import/gnu/arm/5.4.1/bin/../lib/gcc/arm-none-eabi/5.4.1/../../../../arm-none-eabi/lib/armv6-m\libg_nano.a
LOAD d:/program files (x86)/cypress/psoc creator/4.2/psoc creator/import/gnu/arm/5.4.1/bin/../lib/gcc/arm-none-eabi/5.4.1/../../../../arm-none-eabi/lib/armv6-m\libc_nano.a
END GROUP
START GROUP
LOAD d:/program files (x86)/cypress/psoc creator/4.2/psoc creator/import/gnu/arm/5.4.1/bin/../lib/gcc/arm-none-eabi/5.4.1/armv6-m\libgcc.a
LOAD d:/program files (x86)/cypress/psoc creator/4.2/psoc creator/import/gnu/arm/5.4.1/bin/../lib/gcc/arm-none-eabi/5.4.1/../../../../arm-none-eabi/lib/armv6-m\libc_nano.a
END GROUP
LOAD d:/program files (x86)/cypress/psoc creator/4.2/psoc creator/import/gnu/arm/5.4.1/bin/../lib/gcc/arm-none-eabi/5.4.1/armv6-m/crtend.o
LOAD d:/program files (x86)/cypress/psoc creator/4.2/psoc creator/import/gnu/arm/5.4.1/bin/../lib/gcc/arm-none-eabi/5.4.1/armv6-m/crtn.o
START GROUP
LOAD d:/program files (x86)/cypress/psoc creator/4.2/psoc creator/import/gnu/arm/5.4.1/bin/../lib/gcc/arm-none-eabi/5.4.1/armv6-m\libgcc.a
LOAD d:/program files (x86)/cypress/psoc creator/4.2/psoc creator/import/gnu/arm/5.4.1/bin/../lib/gcc/arm-none-eabi/5.4.1/../../../../arm-none-eabi/lib/armv6-m\libc.a
LOAD d:/program files (x86)/cypress/psoc creator/4.2/psoc creator/import/gnu/arm/5.4.1/bin/../lib/gcc/arm-none-eabi/5.4.1/../../../../arm-none-eabi/lib/armv6-m\libnosys.a
END GROUP
                0x00000000                CY_APPL_ORIGIN = 0x0
                0x00000080                CY_FLASH_ROW_SIZE = 0x80
                0x00000001                CY_APPL_NUM = 0x1
                0x00000001                CY_APPL_MAX = 0x1
                0x00000040                CY_METADATA_SIZE = 0x40
                0x00000000                CY_APPL_LOADABLE = 0x0
                0x00000000                CY_CHECKSUM_EXCLUDE_SIZE = ALIGN (0x0, CY_FLASH_ROW_SIZE)
                0x00000000                CY_APP_FOR_STACK_AND_COPIER = 0x0
                [!provide]                PROVIDE (__cy_heap_start, _end)
                0x00000001                PROVIDE (__cy_region_num, ((__cy_regions_end - __cy_regions) / 0x10))
                0x20001000                PROVIDE (__cy_stack, (ORIGIN (ram) + LENGTH (ram)))
                [!provide]                PROVIDE (__cy_heap_end, (__cy_stack - 0x800))

.cybootloader   0x00000000        0x0
 *(.cybootloader)
                0x00000000                appl1_start = CY_APPL_ORIGIN?CY_APPL_ORIGIN:ALIGN (CY_FLASH_ROW_SIZE)
                0x00003f80                appl2_start = (appl1_start + ALIGN ((((LENGTH (rom) - appl1_start) - (0x2 * CY_FLASH_ROW_SIZE)) / 0x2), CY_FLASH_ROW_SIZE))
                0x00000000                appl_start = (CY_APPL_NUM == 0x1)?appl1_start:appl2_start
                0x00000001                cy_project_type_bootloader = (appl_start == 0x0)?0x1:0x0
                0x00000000                cy_project_type_app_for_stack_and_copier = (CY_APP_FOR_STACK_AND_COPIER == 0x1)?0x1:0x0

.text           0x00000000     0x1534
 CREATE_OBJECT_SYMBOLS
                0x00000000                PROVIDE (__cy_interrupt_vector, RomVectors)
 *(.romvectors)
 .romvectors    0x00000000       0x10 .\CortexM0\ARM_GCC_541\Debug\Cm0Start.o
                0x00000000                RomVectors
                0x00000001                ASSERT ((. != __cy_interrupt_vector), No interrupt vector)
                0x00000001                ASSERT (CY_APPL_ORIGIN?(SIZEOF (.cybootloader) <= CY_APPL_ORIGIN):0x1, Wrong image location)
                0x00000010                PROVIDE (__cy_reset, Reset)
 *(.text.Reset)
 .text.Reset    0x00000010        0x8 .\CortexM0\ARM_GCC_541\Debug\Cm0Start.o
                0x00000010                Reset
                0x00000001                ASSERT ((. != __cy_reset), No reset code)
 *(.psocinit)
 .psocinit      0x00000018      0x17c .\CortexM0\ARM_GCC_541\Debug\cyfitter_cfg.o
                0x000000b4                cyfitter_cfg
                0x00000194                . = MAX (., 0x100)
 *(.text .text.* .gnu.linkonce.t.*)
 .text          0x00000194       0x60 d:/program files (x86)/cypress/psoc creator/4.2/psoc creator/import/gnu/arm/5.4.1/bin/../lib/gcc/arm-none-eabi/5.4.1/armv6-m/crtbegin.o
 .text.interleave_reg_addr
                0x000001f4       0x1c .\CortexM0\ARM_GCC_541\Debug\main.o
 .text.parse_temp_press_calib_data
                0x00000210       0x80 .\CortexM0\ARM_GCC_541\Debug\main.o
 .text.parse_humidity_calib_data
                0x00000290       0x3c .\CortexM0\ARM_GCC_541\Debug\main.o
 .text.null_ptr_check
                0x000002cc       0x34 .\CortexM0\ARM_GCC_541\Debug\main.o
 .text.user_i2c_write
                0x00000300       0x40 .\CortexM0\ARM_GCC_541\Debug\main.o
                0x00000300                user_i2c_write
 .text.user_i2c_read
                0x00000340       0x60 .\CortexM0\ARM_GCC_541\Debug\main.o
                0x00000340                user_i2c_read
 .text.user_delay_ms
                0x000003a0        0x8 .\CortexM0\ARM_GCC_541\Debug\main.o
                0x000003a0                user_delay_ms
 .text.bme280_get_regs
                0x000003a8       0x3c .\CortexM0\ARM_GCC_541\Debug\main.o
                0x000003a8                bme280_get_regs
 .text.get_calib_data
                0x000003e4       0x48 .\CortexM0\ARM_GCC_541\Debug\main.o
 .text.bme280_set_regs
                0x0000042c       0x98 .\CortexM0\ARM_GCC_541\Debug\main.o
                0x0000042c                bme280_set_regs
 .text.bme280_soft_reset
                0x000004c4       0x78 .\CortexM0\ARM_GCC_541\Debug\main.o
                0x000004c4                bme280_soft_reset
 .text.bme280_init
                0x0000053c       0x68 .\CortexM0\ARM_GCC_541\Debug\main.o
                0x0000053c                bme280_init
 .text.initializeBME280
                0x000005a4       0x54 .\CortexM0\ARM_GCC_541\Debug\main.o
                0x000005a4                initializeBME280
 .text.main     0x000005f8       0x34 .\CortexM0\ARM_GCC_541\Debug\main.o
                0x000005f8                main
 .text.cfg_write_bytes32
                0x0000062c       0x34 .\CortexM0\ARM_GCC_541\Debug\cyfitter_cfg.o
 .text.AnalogSetDefault
                0x00000660       0x20 .\CortexM0\ARM_GCC_541\Debug\cyfitter_cfg.o
 .text.CYMEMZERO
                0x00000680        0xc .\CortexM0\ARM_GCC_541\Debug\cyfitter_cfg.o
 .text.IntDefaultHandler
                0x0000068c       0x10 .\CortexM0\ARM_GCC_541\Debug\Cm0Start.o
                0x0000068c                IntDefaultHandler
 .text.Start_c  0x0000069c       0x48 .\CortexM0\ARM_GCC_541\Debug\Cm0Start.o
                0x0000069c                Start_c
 .text.initialize_psoc
                0x000006e4       0x4c .\CortexM0\ARM_GCC_541\Debug\Cm0Start.o
                0x000006e4                initialize_psoc
 .text.CySysClkImoDisableWcoLock
                0x00000730       0x14 .\CortexM0\ARM_GCC_541\Debug\ScienceFirmware.a(CyLib.o)
                0x00000730                CySysClkImoDisableWcoLock
 .text.CySysClkImoGetWcoLock
                0x00000744       0x14 .\CortexM0\ARM_GCC_541\Debug\ScienceFirmware.a(CyLib.o)
                0x00000744                CySysClkImoGetWcoLock
 .text.CyIntEnable
                0x00000758       0x14 .\CortexM0\ARM_GCC_541\Debug\ScienceFirmware.a(CyLib.o)
                0x00000758                CyIntEnable
 .text.CyIntDisable
                0x0000076c       0x14 .\CortexM0\ARM_GCC_541\Debug\ScienceFirmware.a(CyLib.o)
                0x0000076c                CyIntDisable
 .text.CyHalt   0x00000780        0x4 .\CortexM0\ARM_GCC_541\Debug\ScienceFirmware.a(CyLib.o)
                0x00000780                CyHalt
 .text.CyIntSetVector
                0x00000784       0x24 .\CortexM0\ARM_GCC_541\Debug\ScienceFirmware.a(CyLib.o)
                0x00000784                CyIntSetVector
 .text.CyIntSetPriority
                0x000007a8       0x4c .\CortexM0\ARM_GCC_541\Debug\ScienceFirmware.a(CyLib.o)
                0x000007a8                CyIntSetPriority
 .text.CyDelay  0x000007f4       0x30 .\CortexM0\ARM_GCC_541\Debug\ScienceFirmware.a(CyLib.o)
                0x000007f4                CyDelay
 .text.CySysClkImoEnableWcoLock
                0x00000824       0xf0 .\CortexM0\ARM_GCC_541\Debug\ScienceFirmware.a(CyLib.o)
                0x00000824                CySysClkImoEnableWcoLock
 .text.CySysClkWriteImoFreq
                0x00000914       0x80 .\CortexM0\ARM_GCC_541\Debug\ScienceFirmware.a(CyLib.o)
                0x00000914                CySysClkWriteImoFreq
 .text.CyDelayUs
                0x00000994       0x14 .\CortexM0\ARM_GCC_541\Debug\ScienceFirmware.a(CyLib.o)
                0x00000994                CyDelayUs
 .text.CySysWdtLocked
                0x000009a8       0x14 .\CortexM0\ARM_GCC_541\Debug\ScienceFirmware.a(CyLFClk.o)
 .text.CySysClkWcoEnabled
                0x000009bc       0x14 .\CortexM0\ARM_GCC_541\Debug\ScienceFirmware.a(CyLFClk.o)
                0x000009bc                CySysClkWcoEnabled
 .text.CySysWdtLock
                0x000009d0       0x1c .\CortexM0\ARM_GCC_541\Debug\ScienceFirmware.a(CyLFClk.o)
                0x000009d0                CySysWdtLock
 .text.CySysWdtUnlock
                0x000009ec       0x30 .\CortexM0\ARM_GCC_541\Debug\ScienceFirmware.a(CyLFClk.o)
                0x000009ec                CySysWdtUnlock
 .text.CySysWdtClearInterrupt
                0x00000a1c       0x4c .\CortexM0\ARM_GCC_541\Debug\ScienceFirmware.a(CyLFClk.o)
                0x00000a1c                CySysWdtClearInterrupt
 .text.CySysWdtIsr
                0x00000a68       0xa4 .\CortexM0\ARM_GCC_541\Debug\ScienceFirmware.a(CyLFClk.o)
                0x00000a68                CySysWdtIsr
 .text.I2CMaster_ScbEnableIntr
                0x00000b0c        0xc .\CortexM0\ARM_GCC_541\Debug\ScienceFirmware.a(I2CMaster.o)
 .text.I2CMaster_Init
                0x00000b18        0x8 .\CortexM0\ARM_GCC_541\Debug\ScienceFirmware.a(I2CMaster.o)
                0x00000b18                I2CMaster_Init
 .text.I2CMaster_Enable
                0x00000b20       0x18 .\CortexM0\ARM_GCC_541\Debug\ScienceFirmware.a(I2CMaster.o)
                0x00000b20                I2CMaster_Enable
 .text.I2CMaster_Start
                0x00000b38       0x20 .\CortexM0\ARM_GCC_541\Debug\ScienceFirmware.a(I2CMaster.o)
                0x00000b38                I2CMaster_Start
 .text.I2CMaster_I2CInit
                0x00000b58       0xb8 .\CortexM0\ARM_GCC_541\Debug\ScienceFirmware.a(I2CMaster_I2C.o)
                0x00000b58                I2CMaster_I2CInit
 .text.I2CMaster_I2CFwBlockReset
                0x00000c10       0x5c .\CortexM0\ARM_GCC_541\Debug\ScienceFirmware.a(I2CMaster_I2C.o)
                0x00000c10                I2CMaster_I2CFwBlockReset
 .text.I2CMaster_I2CMasterWaitOneUnit
                0x00000c6c       0x28 .\CortexM0\ARM_GCC_541\Debug\ScienceFirmware.a(I2CMaster_I2C_MASTER.o)
 .text.I2CMaster_I2CMasterHandleStatus
                0x00000c94       0xc4 .\CortexM0\ARM_GCC_541\Debug\ScienceFirmware.a(I2CMaster_I2C_MASTER.o)
 .text.I2CMaster_I2CMasterSendStart
                0x00000d58       0xc4 .\CortexM0\ARM_GCC_541\Debug\ScienceFirmware.a(I2CMaster_I2C_MASTER.o)
                0x00000d58                I2CMaster_I2CMasterSendStart
 .text.I2CMaster_I2CMasterSendStop
                0x00000e1c       0x58 .\CortexM0\ARM_GCC_541\Debug\ScienceFirmware.a(I2CMaster_I2C_MASTER.o)
                0x00000e1c                I2CMaster_I2CMasterSendStop
 .text.I2CMaster_I2CMasterWriteByte
                0x00000e74       0x48 .\CortexM0\ARM_GCC_541\Debug\ScienceFirmware.a(I2CMaster_I2C_MASTER.o)
                0x00000e74                I2CMaster_I2CMasterWriteByte
 .text.I2CMaster_I2CMasterReadByte
                0x00000ebc       0x7c .\CortexM0\ARM_GCC_541\Debug\ScienceFirmware.a(I2CMaster_I2C_MASTER.o)
                0x00000ebc                I2CMaster_I2CMasterReadByte
 .text.I2CMaster_I2CReStartGeneration
                0x00000f38       0x20 .\CortexM0\ARM_GCC_541\Debug\ScienceFirmware.a(I2CMaster_I2C_MASTER.o)
                0x00000f38                I2CMaster_I2CReStartGeneration
 .text.I2CMaster_I2CMasterSendRestart
                0x00000f58       0x68 .\CortexM0\ARM_GCC_541\Debug\ScienceFirmware.a(I2CMaster_I2C_MASTER.o)
                0x00000f58                I2CMaster_I2CMasterSendRestart
 .text.PWM_Enable
                0x00000fc0       0x14 .\CortexM0\ARM_GCC_541\Debug\ScienceFirmware.a(PWM.o)
                0x00000fc0                PWM_Enable
 .text.PWM_WriteCounter
                0x00000fd4        0xc .\CortexM0\ARM_GCC_541\Debug\ScienceFirmware.a(PWM.o)
                0x00000fd4                PWM_WriteCounter
 .text.PWM_WritePeriod
                0x00000fe0        0xc .\CortexM0\ARM_GCC_541\Debug\ScienceFirmware.a(PWM.o)
                0x00000fe0                PWM_WritePeriod
 .text.PWM_WriteCompare
                0x00000fec        0xc .\CortexM0\ARM_GCC_541\Debug\ScienceFirmware.a(PWM.o)
                0x00000fec                PWM_WriteCompare
 .text.PWM_SetInterruptMode
                0x00000ff8        0xc .\CortexM0\ARM_GCC_541\Debug\ScienceFirmware.a(PWM.o)
                0x00000ff8                PWM_SetInterruptMode
 .text.PWM_ReadStatusRegister
                0x00001004        0xc .\CortexM0\ARM_GCC_541\Debug\ScienceFirmware.a(PWM.o)
                0x00001004                PWM_ReadStatusRegister
 .text.PWM_ReadCapture
                0x00001010        0xc .\CortexM0\ARM_GCC_541\Debug\ScienceFirmware.a(PWM.o)
                0x00001010                PWM_ReadCapture
 .text.PWM_ClearFIFO
                0x0000101c       0x14 .\CortexM0\ARM_GCC_541\Debug\ScienceFirmware.a(PWM.o)
                0x0000101c                PWM_ClearFIFO
 .text.PWM_Init
                0x00001030       0x6c .\CortexM0\ARM_GCC_541\Debug\ScienceFirmware.a(PWM.o)
                0x00001030                PWM_Init
 .text.PWM_Start
                0x0000109c       0x20 .\CortexM0\ARM_GCC_541\Debug\ScienceFirmware.a(PWM.o)
                0x0000109c                PWM_Start
 *fill*         0x000010bc        0x4 
 .text          0x000010c0       0x20 .\CortexM0\ARM_GCC_541\Debug\ScienceFirmware.a(CyBootAsmGnu.o)
                0x000010c0                CyDelayCycles
                0x000010d2                CyEnterCriticalSection
                0x000010da                CyExitCriticalSection
 .text.CySysFlashSetWaitCycles
                0x000010e0       0x54 .\CortexM0\ARM_GCC_541\Debug\ScienceFirmware.a(CyFlash.o)
                0x000010e0                CySysFlashSetWaitCycles
 .text.I2CMaster_I2C_ISR
                0x00001134      0x340 .\CortexM0\ARM_GCC_541\Debug\ScienceFirmware.a(I2CMaster_I2C_INT.o)
                0x00001134                I2CMaster_I2C_ISR
 .text.clock    0x00001474       0x2c d:/program files (x86)/cypress/psoc creator/4.2/psoc creator/import/gnu/arm/5.4.1/bin/../lib/gcc/arm-none-eabi/5.4.1/../../../../arm-none-eabi/lib/armv6-m\libg_nano.a(lib_a-clock.o)
                0x00001474                clock
 .text.__errno  0x000014a0        0xc d:/program files (x86)/cypress/psoc creator/4.2/psoc creator/import/gnu/arm/5.4.1/bin/../lib/gcc/arm-none-eabi/5.4.1/../../../../arm-none-eabi/lib/armv6-m\libg_nano.a(lib_a-errno.o)
                0x000014a0                __errno
 .text.__libc_init_array
                0x000014ac       0x4c d:/program files (x86)/cypress/psoc creator/4.2/psoc creator/import/gnu/arm/5.4.1/bin/../lib/gcc/arm-none-eabi/5.4.1/../../../../arm-none-eabi/lib/armv6-m\libg_nano.a(lib_a-init.o)
                0x000014ac                __libc_init_array
 .text.memcpy   0x000014f8       0x12 d:/program files (x86)/cypress/psoc creator/4.2/psoc creator/import/gnu/arm/5.4.1/bin/../lib/gcc/arm-none-eabi/5.4.1/../../../../arm-none-eabi/lib/armv6-m\libg_nano.a(lib_a-memcpy-stub.o)
                0x000014f8                memcpy
 .text.memset   0x0000150a       0x10 d:/program files (x86)/cypress/psoc creator/4.2/psoc creator/import/gnu/arm/5.4.1/bin/../lib/gcc/arm-none-eabi/5.4.1/../../../../arm-none-eabi/lib/armv6-m\libg_nano.a(lib_a-memset.o)
                0x0000150a                memset
 .text._times_r
                0x0000151a        0xa d:/program files (x86)/cypress/psoc creator/4.2/psoc creator/import/gnu/arm/5.4.1/bin/../lib/gcc/arm-none-eabi/5.4.1/../../../../arm-none-eabi/lib/armv6-m\libg_nano.a(lib_a-timesr.o)
                0x0000151a                _times_r
 .text._times   0x00001524       0x10 d:/program files (x86)/cypress/psoc creator/4.2/psoc creator/import/gnu/arm/5.4.1/bin/../lib/gcc/arm-none-eabi/5.4.1/../../../../arm-none-eabi/lib/armv6-m\libnosys.a(times.o)
                0x00001524                _times
 *(.plt)
 *(.gnu.warning)
 *(.glue_7t)
 .glue_7t       0x00001534        0x0 linker stubs
 *(.glue_7)
 .glue_7        0x00001534        0x0 linker stubs
 *(.vfp11_veneer)
 .vfp11_veneer  0x00001534        0x0 linker stubs
 *(.bootloader)
 *(.ARM.extab* .gnu.linkonce.armextab.*)
 *(.gcc_except_table)

.v4_bx          0x00001534        0x0
 .v4_bx         0x00001534        0x0 linker stubs

.iplt           0x00001534        0x0
 .iplt          0x00001534        0x0 d:/program files (x86)/cypress/psoc creator/4.2/psoc creator/import/gnu/arm/5.4.1/bin/../lib/gcc/arm-none-eabi/5.4.1/armv6-m/crtbegin.o

.eh_frame_hdr
 *(.eh_frame_hdr)

.eh_frame       0x00001534        0x4
 *(.eh_frame)
 .eh_frame      0x00001534        0x0 d:/program files (x86)/cypress/psoc creator/4.2/psoc creator/import/gnu/arm/5.4.1/bin/../lib/gcc/arm-none-eabi/5.4.1/armv6-m/crtbegin.o
 .eh_frame      0x00001534        0x4 d:/program files (x86)/cypress/psoc creator/4.2/psoc creator/import/gnu/arm/5.4.1/bin/../lib/gcc/arm-none-eabi/5.4.1/armv6-m/crtend.o
                [!provide]                PROVIDE (__exidx_start, .)

.ARM.exidx
 *(.ARM.exidx* .gnu.linkonce.armexidx.*)
                0x00001538                __exidx_end = .

.rodata         0x00001538      0x1c8
 *(.rodata .rodata.* .gnu.linkonce.r.*)
 .rodata        0x00001538       0xe8 .\CortexM0\ARM_GCC_541\Debug\cyfitter_cfg.o
 .rodata        0x00001620       0x47 .\CortexM0\ARM_GCC_541\Debug\ScienceFirmware.a(CyLib.o)
                0x00001620                cyImoFreqMhz2Reg
                0x00001650                cyImoFreqMhz2DpllOffset
 .rodata.str1.1
                0x00001667        0x2 d:/program files (x86)/cypress/psoc creator/4.2/psoc creator/import/gnu/arm/5.4.1/bin/../lib/gcc/arm-none-eabi/5.4.1/../../../../arm-none-eabi/lib/armv6-m\libg_nano.a(lib_a-impure.o)
 *fill*         0x00001669        0x3 
 .rodata.__sf_fake_stdin
                0x0000166c       0x20 d:/program files (x86)/cypress/psoc creator/4.2/psoc creator/import/gnu/arm/5.4.1/bin/../lib/gcc/arm-none-eabi/5.4.1/../../../../arm-none-eabi/lib/armv6-m\libg_nano.a(lib_a-findfp.o)
                0x0000166c                __sf_fake_stdin
 .rodata.__sf_fake_stdout
                0x0000168c       0x20 d:/program files (x86)/cypress/psoc creator/4.2/psoc creator/import/gnu/arm/5.4.1/bin/../lib/gcc/arm-none-eabi/5.4.1/../../../../arm-none-eabi/lib/armv6-m\libg_nano.a(lib_a-findfp.o)
                0x0000168c                __sf_fake_stdout
 .rodata.__sf_fake_stderr
                0x000016ac       0x20 d:/program files (x86)/cypress/psoc creator/4.2/psoc creator/import/gnu/arm/5.4.1/bin/../lib/gcc/arm-none-eabi/5.4.1/../../../../arm-none-eabi/lib/armv6-m\libg_nano.a(lib_a-findfp.o)
                0x000016ac                __sf_fake_stderr
                0x000016cc                . = ALIGN (0x4)
 *(.init)
 .init          0x000016cc        0x4 d:/program files (x86)/cypress/psoc creator/4.2/psoc creator/import/gnu/arm/5.4.1/bin/../lib/gcc/arm-none-eabi/5.4.1/armv6-m/crti.o
                0x000016cc                _init
 .init          0x000016d0        0x8 d:/program files (x86)/cypress/psoc creator/4.2/psoc creator/import/gnu/arm/5.4.1/bin/../lib/gcc/arm-none-eabi/5.4.1/armv6-m/crtn.o
                0x000016d8                . = ALIGN (0x4)
                0x000016d8                __preinit_array_start = .
 *(.preinit_array)
                0x000016d8                __preinit_array_end = .
                0x000016d8                . = ALIGN (0x4)
                0x000016d8                __init_array_start = .
 *(SORT(.init_array.*))
 *(.init_array)
 .init_array    0x000016d8        0x4 d:/program files (x86)/cypress/psoc creator/4.2/psoc creator/import/gnu/arm/5.4.1/bin/../lib/gcc/arm-none-eabi/5.4.1/armv6-m/crtbegin.o
 .init_array    0x000016dc        0x4 .\CortexM0\ARM_GCC_541\Debug\Cm0Start.o
                0x000016e0                __init_array_end = .
                0x000016e0                . = ALIGN (0x4)
 *(.fini)
 .fini          0x000016e0        0x4 d:/program files (x86)/cypress/psoc creator/4.2/psoc creator/import/gnu/arm/5.4.1/bin/../lib/gcc/arm-none-eabi/5.4.1/armv6-m/crti.o
                0x000016e0                _fini
 .fini          0x000016e4        0x8 d:/program files (x86)/cypress/psoc creator/4.2/psoc creator/import/gnu/arm/5.4.1/bin/../lib/gcc/arm-none-eabi/5.4.1/armv6-m/crtn.o
                0x000016ec                . = ALIGN (0x4)
                0x000016ec                __fini_array_start = .
 *(.fini_array)
 .fini_array    0x000016ec        0x4 d:/program files (x86)/cypress/psoc creator/4.2/psoc creator/import/gnu/arm/5.4.1/bin/../lib/gcc/arm-none-eabi/5.4.1/armv6-m/crtbegin.o
 *(SORT(.fini_array.*))
                0x000016f0                __fini_array_end = .
                0x000016f0                . = ALIGN (0x4)
 *crtbegin.o(.ctors)
 *(EXCLUDE_FILE(*crtend.o) .ctors)
 *(SORT(.ctors.*))
 *crtend.o(.ctors)
                0x000016f0                . = ALIGN (0x4)
 *crtbegin.o(.dtors)
 *(EXCLUDE_FILE(*crtend.o) .dtors)
 *(SORT(.dtors.*))
 *crtend.o(.dtors)
                0x000016f0                . = ALIGN (0x4)
                0x000016f0                __cy_regions = .
                0x000016f0        0x4 LONG 0x1700 __cy_region_init_ram
                0x000016f4        0x4 LONG 0x200000c0 __cy_region_start_data
                0x000016f8        0x4 LONG 0x88 __cy_region_init_size_ram
                0x000016fc        0x4 LONG 0xc8 __cy_region_zero_size_ram
                0x00001700                __cy_regions_end = .
                0x00001700                . = ALIGN (0x8)
                0x00001700                _etext = .

.cy_checksum_exclude
                0x00001700        0x0
 *(.cy_checksum_exclude)

.ramvectors     0x20000000       0xc0
                0x20000000                __cy_region_start_ram = .
 *(.ramvectors)
 .ramvectors    0x20000000       0xc0 .\CortexM0\ARM_GCC_541\Debug\Cm0Start.o
                0x20000000                CyRamVectors

.noinit
 *(.noinit)

.data           0x200000c0       0x88 load address 0x00001700
                0x200000c0                __cy_region_start_data = .
 *(.jcr)
 .jcr           0x200000c0        0x0 d:/program files (x86)/cypress/psoc creator/4.2/psoc creator/import/gnu/arm/5.4.1/bin/../lib/gcc/arm-none-eabi/5.4.1/armv6-m/crtbegin.o
 .jcr           0x200000c0        0x4 d:/program files (x86)/cypress/psoc creator/4.2/psoc creator/import/gnu/arm/5.4.1/bin/../lib/gcc/arm-none-eabi/5.4.1/armv6-m/crtend.o
 *(.got.plt)
 *(.got)
 *(.shdata)
 *(.data .data.* .gnu.linkonce.d.*)
 .data          0x200000c4       0x14 .\CortexM0\ARM_GCC_541\Debug\ScienceFirmware.a(CyLib.o)
                0x200000c4                CySysClkPumpConfig
                0x200000c8                cydelay32kMs
                0x200000cc                cydelayFreqKhz
                0x200000d0                cydelayFreqMhz
                0x200000d4                cydelayFreqHz
 .data          0x200000d8        0x8 .\CortexM0\ARM_GCC_541\Debug\ScienceFirmware.a(CyLFClk.o)
 .data.impure_data
                0x200000e0       0x60 d:/program files (x86)/cypress/psoc creator/4.2/psoc creator/import/gnu/arm/5.4.1/bin/../lib/gcc/arm-none-eabi/5.4.1/../../../../arm-none-eabi/lib/armv6-m\libg_nano.a(lib_a-impure.o)
 .data._impure_ptr
                0x20000140        0x4 d:/program files (x86)/cypress/psoc creator/4.2/psoc creator/import/gnu/arm/5.4.1/bin/../lib/gcc/arm-none-eabi/5.4.1/../../../../arm-none-eabi/lib/armv6-m\libg_nano.a(lib_a-impure.o)
                0x20000140                _impure_ptr
                0x20000148                . = ALIGN (0x8)
 *fill*         0x20000144        0x4 
 *(.ram)
                0x20000148                _edata = .

.igot.plt       0x20000148        0x0 load address 0x00001788
 .igot.plt      0x20000148        0x0 d:/program files (x86)/cypress/psoc creator/4.2/psoc creator/import/gnu/arm/5.4.1/bin/../lib/gcc/arm-none-eabi/5.4.1/armv6-m/crtbegin.o

.bss            0x20000148       0xc8 load address 0x00001788
                0x20000148                PROVIDE (__bss_start__, .)
 *(.shbss)
 *(.bss .bss.* .gnu.linkonce.b.*)
 .bss           0x20000148       0x1c d:/program files (x86)/cypress/psoc creator/4.2/psoc creator/import/gnu/arm/5.4.1/bin/../lib/gcc/arm-none-eabi/5.4.1/armv6-m/crtbegin.o
 .bss           0x20000164       0x28 .\CortexM0\ARM_GCC_541\Debug\ScienceFirmware.a(CyLFClk.o)
 .bss           0x2000018c        0x8 .\CortexM0\ARM_GCC_541\Debug\ScienceFirmware.a(I2CMaster.o)
                0x2000018c                I2CMaster_initVar
                0x20000190                I2CMaster_customIntrHandler
 .bss           0x20000194        0x1 .\CortexM0\ARM_GCC_541\Debug\ScienceFirmware.a(PWM.o)
                0x20000194                PWM_initVar
 *(COMMON)
 *fill*         0x20000195        0x3 
 COMMON         0x20000198       0x4c .\CortexM0\ARM_GCC_541\Debug\main.o
                0x20000198                dev
                0x200001d8                settings
                0x200001e0                t_fine
 COMMON         0x200001e4        0x1 .\CortexM0\ARM_GCC_541\Debug\ScienceFirmware.a(I2CMaster_I2C.o)
                0x200001e4                I2CMaster_state
 *fill*         0x200001e5        0x3 
 COMMON         0x200001e8       0x20 .\CortexM0\ARM_GCC_541\Debug\ScienceFirmware.a(I2CMaster_I2C_MASTER.o)
                0x200001e8                I2CMaster_mstrControl
                0x200001ea                I2CMaster_mstrStatus
                0x200001ec                I2CMaster_mstrRdBufIndex
                0x200001f0                I2CMaster_mstrWrBufPtr
                0x200001f4                I2CMaster_mstrRdBufSize
                0x200001f8                I2CMaster_mstrWrBufIndex
                0x200001fc                I2CMaster_mstrWrBufSize
                0x20000200                I2CMaster_mstrRdBufPtr
                0x20000204                I2CMaster_mstrWrBufIndexTmp
 COMMON         0x20000208        0x4 d:/program files (x86)/cypress/psoc creator/4.2/psoc creator/import/gnu/arm/5.4.1/bin/../lib/gcc/arm-none-eabi/5.4.1/../../../../arm-none-eabi/lib/armv6-m\libg_nano.a(lib_a-reent.o)
                0x20000208                errno
                0x20000210                . = ALIGN (0x8)
 *fill*         0x2000020c        0x4 
 *(.ram.b)
                0x20000210                _end = .
                0x20000210                __end = .
                0x20000210                PROVIDE (end, .)
                0x20000210                PROVIDE (__bss_end__, .)
                0x00001700                __cy_region_init_ram = LOADADDR (.data)
                0x00000088                __cy_region_init_size_ram = (_edata - ADDR (.data))
                0x000000c8                __cy_region_zero_size_ram = (_end - _edata)

.heap           0x20000210       0x80 load address 0x00001788
                0x20000210                . = _end
                0x20000290                . = (. + 0x80)
 *fill*         0x20000210       0x80 
                0x20000290                __cy_heap_limit = .

.stack          0x20000800      0x800
                0x20000800                __cy_stack_limit = .
                0x20001000                . = (. + 0x800)
 *fill*         0x20000800      0x800 
                0x00000001                ASSERT ((__cy_stack_limit >= __cy_heap_limit), region RAM overflowed with stack)
                0x00000000                cy_checksum_exclude_size = (CY_APPL_LOADABLE == 0x1)?SIZEOF (.cy_checksum_exclude):0x0
                0x00000001                ASSERT ((cy_checksum_exclude_size <= CY_CHECKSUM_EXCLUDE_SIZE), CY_BOOT: Section .cy_checksum_exclude size exceedes specified limit.)
                0x00007fc0                cyloadermeta_start = (cy_project_type_bootloader || cy_project_type_app_for_stack_and_copier)?(LENGTH (rom) - CY_METADATA_SIZE):0xf0000000

.cyloadermeta
 *(.cyloadermeta)
                0x00007fc0                cyloadablemeta_start = cy_project_type_app_for_stack_and_copier?((LENGTH (rom) - CY_FLASH_ROW_SIZE) - CY_METADATA_SIZE):((LENGTH (rom) - (CY_FLASH_ROW_SIZE * (CY_APPL_NUM - 0x1))) - CY_METADATA_SIZE)

.cyloadablemeta
 *(.cyloadablemeta)

.cyflashprotect
                0x90400000       0x20
 *(.cyflashprotect)
 .cyflashprotect
                0x90400000       0x20 .\CortexM0\ARM_GCC_541\Debug\cymetadata.o
                0x90400000                cy_meta_flashprotect

.cymeta         0x90500000        0xc
 *(.cymeta)
 .cymeta        0x90500000        0xc .\CortexM0\ARM_GCC_541\Debug\cymetadata.o
                0x90500000                cy_metadata

.cychipprotect  0x90600000        0x1
 *(.cychipprotect)
 .cychipprotect
                0x90600000        0x1 .\CortexM0\ARM_GCC_541\Debug\cymetadata.o
                0x90600000                cy_meta_chipprotect

.rel.dyn        0x00001788        0x0 load address 0x90600004
 .rel.iplt      0x00001788        0x0 d:/program files (x86)/cypress/psoc creator/4.2/psoc creator/import/gnu/arm/5.4.1/bin/../lib/gcc/arm-none-eabi/5.4.1/armv6-m/crtbegin.o

.stab           0x00000000       0xb4
 *(.stab)
 .stab          0x00000000       0x24 d:/program files (x86)/cypress/psoc creator/4.2/psoc creator/import/gnu/arm/5.4.1/bin/../lib/gcc/arm-none-eabi/5.4.1/../../../../arm-none-eabi/lib/armv6-m\libnosys.a(close.o)
 .stab          0x00000024       0x18 d:/program files (x86)/cypress/psoc creator/4.2/psoc creator/import/gnu/arm/5.4.1/bin/../lib/gcc/arm-none-eabi/5.4.1/../../../../arm-none-eabi/lib/armv6-m\libnosys.a(fstat.o)
                                 0x24 (size before relaxing)
 .stab          0x0000003c       0x18 d:/program files (x86)/cypress/psoc creator/4.2/psoc creator/import/gnu/arm/5.4.1/bin/../lib/gcc/arm-none-eabi/5.4.1/../../../../arm-none-eabi/lib/armv6-m\libnosys.a(isatty.o)
                                 0x24 (size before relaxing)
 .stab          0x00000054       0x18 d:/program files (x86)/cypress/psoc creator/4.2/psoc creator/import/gnu/arm/5.4.1/bin/../lib/gcc/arm-none-eabi/5.4.1/../../../../arm-none-eabi/lib/armv6-m\libnosys.a(lseek.o)
                                 0x24 (size before relaxing)
 .stab          0x0000006c       0x18 d:/program files (x86)/cypress/psoc creator/4.2/psoc creator/import/gnu/arm/5.4.1/bin/../lib/gcc/arm-none-eabi/5.4.1/../../../../arm-none-eabi/lib/armv6-m\libnosys.a(read.o)
                                 0x24 (size before relaxing)
 .stab          0x00000084       0x18 d:/program files (x86)/cypress/psoc creator/4.2/psoc creator/import/gnu/arm/5.4.1/bin/../lib/gcc/arm-none-eabi/5.4.1/../../../../arm-none-eabi/lib/armv6-m\libnosys.a(times.o)
                                 0x24 (size before relaxing)
 .stab          0x0000009c       0x18 d:/program files (x86)/cypress/psoc creator/4.2/psoc creator/import/gnu/arm/5.4.1/bin/../lib/gcc/arm-none-eabi/5.4.1/../../../../arm-none-eabi/lib/armv6-m\libnosys.a(write.o)
                                 0x24 (size before relaxing)

.stabstr        0x00000000      0x183
 *(.stabstr)
 .stabstr       0x00000000      0x183 d:/program files (x86)/cypress/psoc creator/4.2/psoc creator/import/gnu/arm/5.4.1/bin/../lib/gcc/arm-none-eabi/5.4.1/../../../../arm-none-eabi/lib/armv6-m\libnosys.a(close.o)

.debug
 *(.debug)

.line
 *(.line)

.debug_srcinfo
 *(.debug_srcinfo)

.debug_sfnames
 *(.debug_sfnames)

.debug_aranges  0x00000000      0x7d8
 *(.debug_aranges)
 .debug_aranges
                0x00000000      0x1a8 .\CortexM0\ARM_GCC_541\Debug\main.o
 .debug_aranges
                0x000001a8       0x40 .\CortexM0\ARM_GCC_541\Debug\cyfitter_cfg.o
 .debug_aranges
                0x000001e8       0x18 .\CortexM0\ARM_GCC_541\Debug\cymetadata.o
 .debug_aranges
                0x00000200       0x48 .\CortexM0\ARM_GCC_541\Debug\Cm0Start.o
 .debug_aranges
                0x00000248      0x1c8 .\CortexM0\ARM_GCC_541\Debug\ScienceFirmware.a(CyLib.o)
 .debug_aranges
                0x00000410      0x188 .\CortexM0\ARM_GCC_541\Debug\ScienceFirmware.a(CyLFClk.o)
 .debug_aranges
                0x00000598       0x60 .\CortexM0\ARM_GCC_541\Debug\ScienceFirmware.a(I2CMaster.o)
 .debug_aranges
                0x000005f8       0x30 .\CortexM0\ARM_GCC_541\Debug\ScienceFirmware.a(I2CMaster_I2C.o)
 .debug_aranges
                0x00000628       0x98 .\CortexM0\ARM_GCC_541\Debug\ScienceFirmware.a(I2CMaster_I2C_MASTER.o)
 .debug_aranges
                0x000006c0       0x98 .\CortexM0\ARM_GCC_541\Debug\ScienceFirmware.a(PWM.o)
 .debug_aranges
                0x00000758       0x20 .\CortexM0\ARM_GCC_541\Debug\ScienceFirmware.a(CyBootAsmGnu.o)
 .debug_aranges
                0x00000778       0x40 .\CortexM0\ARM_GCC_541\Debug\ScienceFirmware.a(CyFlash.o)
 .debug_aranges
                0x000007b8       0x20 .\CortexM0\ARM_GCC_541\Debug\ScienceFirmware.a(I2CMaster_I2C_INT.o)

.debug_pubnames
 *(.debug_pubnames)

.debug_info     0x00000000     0x61a1
 *(.debug_info .gnu.linkonce.wi.*)
 .debug_info    0x00000000     0x26bf .\CortexM0\ARM_GCC_541\Debug\main.o
 .debug_info    0x000026bf      0x3bc .\CortexM0\ARM_GCC_541\Debug\cyfitter_cfg.o
 .debug_info    0x00002a7b       0xf8 .\CortexM0\ARM_GCC_541\Debug\cymetadata.o
 .debug_info    0x00002b73      0x3a2 .\CortexM0\ARM_GCC_541\Debug\Cm0Start.o
 .debug_info    0x00002f15      0xd2f .\CortexM0\ARM_GCC_541\Debug\ScienceFirmware.a(CyLib.o)
 .debug_info    0x00003c44     0x1058 .\CortexM0\ARM_GCC_541\Debug\ScienceFirmware.a(CyLFClk.o)
 .debug_info    0x00004c9c      0x298 .\CortexM0\ARM_GCC_541\Debug\ScienceFirmware.a(I2CMaster.o)
 .debug_info    0x00004f34      0x195 .\CortexM0\ARM_GCC_541\Debug\ScienceFirmware.a(I2CMaster_I2C.o)
 .debug_info    0x000050c9      0x813 .\CortexM0\ARM_GCC_541\Debug\ScienceFirmware.a(I2CMaster_I2C_MASTER.o)
 .debug_info    0x000058dc      0x352 .\CortexM0\ARM_GCC_541\Debug\ScienceFirmware.a(PWM.o)
 .debug_info    0x00005c2e       0x7b .\CortexM0\ARM_GCC_541\Debug\ScienceFirmware.a(CyBootAsmGnu.o)
 .debug_info    0x00005ca9      0x350 .\CortexM0\ARM_GCC_541\Debug\ScienceFirmware.a(CyFlash.o)
 .debug_info    0x00005ff9      0x1a8 .\CortexM0\ARM_GCC_541\Debug\ScienceFirmware.a(I2CMaster_I2C_INT.o)

.debug_abbrev   0x00000000     0x134a
 *(.debug_abbrev)
 .debug_abbrev  0x00000000      0x3f9 .\CortexM0\ARM_GCC_541\Debug\main.o
 .debug_abbrev  0x000003f9      0x1af .\CortexM0\ARM_GCC_541\Debug\cyfitter_cfg.o
 .debug_abbrev  0x000005a8       0x5d .\CortexM0\ARM_GCC_541\Debug\cymetadata.o
 .debug_abbrev  0x00000605      0x1d7 .\CortexM0\ARM_GCC_541\Debug\Cm0Start.o
 .debug_abbrev  0x000007dc      0x218 .\CortexM0\ARM_GCC_541\Debug\ScienceFirmware.a(CyLib.o)
 .debug_abbrev  0x000009f4      0x248 .\CortexM0\ARM_GCC_541\Debug\ScienceFirmware.a(CyLFClk.o)
 .debug_abbrev  0x00000c3c      0x118 .\CortexM0\ARM_GCC_541\Debug\ScienceFirmware.a(I2CMaster.o)
 .debug_abbrev  0x00000d54       0xc7 .\CortexM0\ARM_GCC_541\Debug\ScienceFirmware.a(I2CMaster_I2C.o)
 .debug_abbrev  0x00000e1b      0x1c2 .\CortexM0\ARM_GCC_541\Debug\ScienceFirmware.a(I2CMaster_I2C_MASTER.o)
 .debug_abbrev  0x00000fdd      0x133 .\CortexM0\ARM_GCC_541\Debug\ScienceFirmware.a(PWM.o)
 .debug_abbrev  0x00001110       0x14 .\CortexM0\ARM_GCC_541\Debug\ScienceFirmware.a(CyBootAsmGnu.o)
 .debug_abbrev  0x00001124      0x182 .\CortexM0\ARM_GCC_541\Debug\ScienceFirmware.a(CyFlash.o)
 .debug_abbrev  0x000012a6       0xa4 .\CortexM0\ARM_GCC_541\Debug\ScienceFirmware.a(I2CMaster_I2C_INT.o)

.debug_line     0x00000000     0x220f
 *(.debug_line)
 .debug_line    0x00000000      0x829 .\CortexM0\ARM_GCC_541\Debug\main.o
 .debug_line    0x00000829      0x179 .\CortexM0\ARM_GCC_541\Debug\cyfitter_cfg.o
 .debug_line    0x000009a2      0x141 .\CortexM0\ARM_GCC_541\Debug\cymetadata.o
 .debug_line    0x00000ae3      0x236 .\CortexM0\ARM_GCC_541\Debug\Cm0Start.o
 .debug_line    0x00000d19      0x545 .\CortexM0\ARM_GCC_541\Debug\ScienceFirmware.a(CyLib.o)
 .debug_line    0x0000125e      0x5d1 .\CortexM0\ARM_GCC_541\Debug\ScienceFirmware.a(CyLFClk.o)
 .debug_line    0x0000182f      0x130 .\CortexM0\ARM_GCC_541\Debug\ScienceFirmware.a(I2CMaster.o)
 .debug_line    0x0000195f       0xce .\CortexM0\ARM_GCC_541\Debug\ScienceFirmware.a(I2CMaster_I2C.o)
 .debug_line    0x00001a2d      0x308 .\CortexM0\ARM_GCC_541\Debug\ScienceFirmware.a(I2CMaster_I2C_MASTER.o)
 .debug_line    0x00001d35      0x191 .\CortexM0\ARM_GCC_541\Debug\ScienceFirmware.a(PWM.o)
 .debug_line    0x00001ec6       0x68 .\CortexM0\ARM_GCC_541\Debug\ScienceFirmware.a(CyBootAsmGnu.o)
 .debug_line    0x00001f2e      0x173 .\CortexM0\ARM_GCC_541\Debug\ScienceFirmware.a(CyFlash.o)
 .debug_line    0x000020a1      0x16e .\CortexM0\ARM_GCC_541\Debug\ScienceFirmware.a(I2CMaster_I2C_INT.o)

.debug_frame    0x00000000     0x2030
 *(.debug_frame)
 .debug_frame   0x00000000      0x624 .\CortexM0\ARM_GCC_541\Debug\main.o
 .debug_frame   0x00000624       0x98 .\CortexM0\ARM_GCC_541\Debug\cyfitter_cfg.o
 .debug_frame   0x000006bc       0xbc .\CortexM0\ARM_GCC_541\Debug\Cm0Start.o
 .debug_frame   0x00000778      0x488 .\CortexM0\ARM_GCC_541\Debug\ScienceFirmware.a(CyLib.o)
 .debug_frame   0x00000c00      0x4a4 .\CortexM0\ARM_GCC_541\Debug\ScienceFirmware.a(CyLFClk.o)
 .debug_frame   0x000010a4       0xe8 .\CortexM0\ARM_GCC_541\Debug\ScienceFirmware.a(I2CMaster.o)
 .debug_frame   0x0000118c       0x58 .\CortexM0\ARM_GCC_541\Debug\ScienceFirmware.a(I2CMaster_I2C.o)
 .debug_frame   0x000011e4      0x1d8 .\CortexM0\ARM_GCC_541\Debug\ScienceFirmware.a(I2CMaster_I2C_MASTER.o)
 .debug_frame   0x000013bc      0x138 .\CortexM0\ARM_GCC_541\Debug\ScienceFirmware.a(PWM.o)
 .debug_frame   0x000014f4       0x90 .\CortexM0\ARM_GCC_541\Debug\ScienceFirmware.a(CyFlash.o)
 .debug_frame   0x00001584       0x2c .\CortexM0\ARM_GCC_541\Debug\ScienceFirmware.a(I2CMaster_I2C_INT.o)
 .debug_frame   0x000015b0       0x20 d:/program files (x86)/cypress/psoc creator/4.2/psoc creator/import/gnu/arm/5.4.1/bin/../lib/gcc/arm-none-eabi/5.4.1/armv6-m\libgcc.a(_udivsi3.o)
 .debug_frame   0x000015d0       0x20 d:/program files (x86)/cypress/psoc creator/4.2/psoc creator/import/gnu/arm/5.4.1/bin/../lib/gcc/arm-none-eabi/5.4.1/armv6-m\libgcc.a(_divsi3.o)
 .debug_frame   0x000015f0       0x34 d:/program files (x86)/cypress/psoc creator/4.2/psoc creator/import/gnu/arm/5.4.1/bin/../lib/gcc/arm-none-eabi/5.4.1/armv6-m\libgcc.a(_muldi3.o)
 .debug_frame   0x00001624       0x30 d:/program files (x86)/cypress/psoc creator/4.2/psoc creator/import/gnu/arm/5.4.1/bin/../lib/gcc/arm-none-eabi/5.4.1/armv6-m\libgcc.a(bpabi.o)
 .debug_frame   0x00001654       0x3c d:/program files (x86)/cypress/psoc creator/4.2/psoc creator/import/gnu/arm/5.4.1/bin/../lib/gcc/arm-none-eabi/5.4.1/armv6-m\libgcc.a(_divdi3.o)
 .debug_frame   0x00001690       0x34 d:/program files (x86)/cypress/psoc creator/4.2/psoc creator/import/gnu/arm/5.4.1/bin/../lib/gcc/arm-none-eabi/5.4.1/../../../../arm-none-eabi/lib/armv6-m\libg_nano.a(lib_a-clock.o)
 .debug_frame   0x000016c4       0x20 d:/program files (x86)/cypress/psoc creator/4.2/psoc creator/import/gnu/arm/5.4.1/bin/../lib/gcc/arm-none-eabi/5.4.1/../../../../arm-none-eabi/lib/armv6-m\libg_nano.a(lib_a-errno.o)
 .debug_frame   0x000016e4       0x28 d:/program files (x86)/cypress/psoc creator/4.2/psoc creator/import/gnu/arm/5.4.1/bin/../lib/gcc/arm-none-eabi/5.4.1/../../../../arm-none-eabi/lib/armv6-m\libg_nano.a(lib_a-exit.o)
 .debug_frame   0x0000170c       0x2c d:/program files (x86)/cypress/psoc creator/4.2/psoc creator/import/gnu/arm/5.4.1/bin/../lib/gcc/arm-none-eabi/5.4.1/../../../../arm-none-eabi/lib/armv6-m\libg_nano.a(lib_a-init.o)
 .debug_frame   0x00001738       0x28 d:/program files (x86)/cypress/psoc creator/4.2/psoc creator/import/gnu/arm/5.4.1/bin/../lib/gcc/arm-none-eabi/5.4.1/../../../../arm-none-eabi/lib/armv6-m\libg_nano.a(lib_a-memcpy-stub.o)
 .debug_frame   0x00001760       0x20 d:/program files (x86)/cypress/psoc creator/4.2/psoc creator/import/gnu/arm/5.4.1/bin/../lib/gcc/arm-none-eabi/5.4.1/../../../../arm-none-eabi/lib/armv6-m\libg_nano.a(lib_a-memset.o)
 .debug_frame   0x00001780       0x50 d:/program files (x86)/cypress/psoc creator/4.2/psoc creator/import/gnu/arm/5.4.1/bin/../lib/gcc/arm-none-eabi/5.4.1/../../../../arm-none-eabi/lib/armv6-m\libg_nano.a(lib_a-printf.o)
 .debug_frame   0x000017d0       0x44 d:/program files (x86)/cypress/psoc creator/4.2/psoc creator/import/gnu/arm/5.4.1/bin/../lib/gcc/arm-none-eabi/5.4.1/../../../../arm-none-eabi/lib/armv6-m\libg_nano.a(lib_a-puts.o)
 .debug_frame   0x00001814       0x28 d:/program files (x86)/cypress/psoc creator/4.2/psoc creator/import/gnu/arm/5.4.1/bin/../lib/gcc/arm-none-eabi/5.4.1/../../../../arm-none-eabi/lib/armv6-m\libg_nano.a(lib_a-timesr.o)
 .debug_frame   0x0000183c       0x48 d:/program files (x86)/cypress/psoc creator/4.2/psoc creator/import/gnu/arm/5.4.1/bin/../lib/gcc/arm-none-eabi/5.4.1/../../../../arm-none-eabi/lib/armv6-m\libg_nano.a(lib_a-wbuf.o)
 .debug_frame   0x00001884       0x2c d:/program files (x86)/cypress/psoc creator/4.2/psoc creator/import/gnu/arm/5.4.1/bin/../lib/gcc/arm-none-eabi/5.4.1/../../../../arm-none-eabi/lib/armv6-m\libg_nano.a(lib_a-wsetup.o)
 .debug_frame   0x000018b0       0x68 d:/program files (x86)/cypress/psoc creator/4.2/psoc creator/import/gnu/arm/5.4.1/bin/../lib/gcc/arm-none-eabi/5.4.1/../../../../arm-none-eabi/lib/armv6-m\libg_nano.a(lib_a-fflush.o)
 .debug_frame   0x00001918      0x140 d:/program files (x86)/cypress/psoc creator/4.2/psoc creator/import/gnu/arm/5.4.1/bin/../lib/gcc/arm-none-eabi/5.4.1/../../../../arm-none-eabi/lib/armv6-m\libg_nano.a(lib_a-findfp.o)
 .debug_frame   0x00001a58       0x58 d:/program files (x86)/cypress/psoc creator/4.2/psoc creator/import/gnu/arm/5.4.1/bin/../lib/gcc/arm-none-eabi/5.4.1/../../../../arm-none-eabi/lib/armv6-m\libg_nano.a(lib_a-fwalk.o)
 .debug_frame   0x00001ab0       0x54 d:/program files (x86)/cypress/psoc creator/4.2/psoc creator/import/gnu/arm/5.4.1/bin/../lib/gcc/arm-none-eabi/5.4.1/../../../../arm-none-eabi/lib/armv6-m\libg_nano.a(lib_a-makebuf.o)
 .debug_frame   0x00001b04       0x2c d:/program files (x86)/cypress/psoc creator/4.2/psoc creator/import/gnu/arm/5.4.1/bin/../lib/gcc/arm-none-eabi/5.4.1/../../../../arm-none-eabi/lib/armv6-m\libg_nano.a(lib_a-nano-freer.o)
 .debug_frame   0x00001b30       0x2c d:/program files (x86)/cypress/psoc creator/4.2/psoc creator/import/gnu/arm/5.4.1/bin/../lib/gcc/arm-none-eabi/5.4.1/../../../../arm-none-eabi/lib/armv6-m\libg_nano.a(lib_a-nano-mallocr.o)
 .debug_frame   0x00001b5c       0x9c d:/program files (x86)/cypress/psoc creator/4.2/psoc creator/import/gnu/arm/5.4.1/bin/../lib/gcc/arm-none-eabi/5.4.1/../../../../arm-none-eabi/lib/armv6-m\libg_nano.a(lib_a-nano-vfprintf.o)
 .debug_frame   0x00001bf8       0x54 d:/program files (x86)/cypress/psoc creator/4.2/psoc creator/import/gnu/arm/5.4.1/bin/../lib/gcc/arm-none-eabi/5.4.1/../../../../arm-none-eabi/lib/armv6-m\libg_nano.a(lib_a-nano-vfprintf_i.o)
 .debug_frame   0x00001c4c       0x2c d:/program files (x86)/cypress/psoc creator/4.2/psoc creator/import/gnu/arm/5.4.1/bin/../lib/gcc/arm-none-eabi/5.4.1/../../../../arm-none-eabi/lib/armv6-m\libg_nano.a(lib_a-sbrkr.o)
 .debug_frame   0x00001c78       0x90 d:/program files (x86)/cypress/psoc creator/4.2/psoc creator/import/gnu/arm/5.4.1/bin/../lib/gcc/arm-none-eabi/5.4.1/../../../../arm-none-eabi/lib/armv6-m\libg_nano.a(lib_a-stdio.o)
 .debug_frame   0x00001d08       0x2c d:/program files (x86)/cypress/psoc creator/4.2/psoc creator/import/gnu/arm/5.4.1/bin/../lib/gcc/arm-none-eabi/5.4.1/../../../../arm-none-eabi/lib/armv6-m\libg_nano.a(lib_a-writer.o)
 .debug_frame   0x00001d34       0x2c d:/program files (x86)/cypress/psoc creator/4.2/psoc creator/import/gnu/arm/5.4.1/bin/../lib/gcc/arm-none-eabi/5.4.1/../../../../arm-none-eabi/lib/armv6-m\libg_nano.a(lib_a-closer.o)
 .debug_frame   0x00001d60       0x2c d:/program files (x86)/cypress/psoc creator/4.2/psoc creator/import/gnu/arm/5.4.1/bin/../lib/gcc/arm-none-eabi/5.4.1/../../../../arm-none-eabi/lib/armv6-m\libg_nano.a(lib_a-fstatr.o)
 .debug_frame   0x00001d8c       0x30 d:/program files (x86)/cypress/psoc creator/4.2/psoc creator/import/gnu/arm/5.4.1/bin/../lib/gcc/arm-none-eabi/5.4.1/../../../../arm-none-eabi/lib/armv6-m\libg_nano.a(lib_a-fvwrite.o)
 .debug_frame   0x00001dbc       0x2c d:/program files (x86)/cypress/psoc creator/4.2/psoc creator/import/gnu/arm/5.4.1/bin/../lib/gcc/arm-none-eabi/5.4.1/../../../../arm-none-eabi/lib/armv6-m\libg_nano.a(lib_a-isattyr.o)
 .debug_frame   0x00001de8       0x2c d:/program files (x86)/cypress/psoc creator/4.2/psoc creator/import/gnu/arm/5.4.1/bin/../lib/gcc/arm-none-eabi/5.4.1/../../../../arm-none-eabi/lib/armv6-m\libg_nano.a(lib_a-lseekr.o)
 .debug_frame   0x00001e14       0x20 d:/program files (x86)/cypress/psoc creator/4.2/psoc creator/import/gnu/arm/5.4.1/bin/../lib/gcc/arm-none-eabi/5.4.1/../../../../arm-none-eabi/lib/armv6-m\libg_nano.a(lib_a-memchr-stub.o)
 .debug_frame   0x00001e34       0x28 d:/program files (x86)/cypress/psoc creator/4.2/psoc creator/import/gnu/arm/5.4.1/bin/../lib/gcc/arm-none-eabi/5.4.1/../../../../arm-none-eabi/lib/armv6-m\libg_nano.a(lib_a-memmove.o)
 .debug_frame   0x00001e5c       0x30 d:/program files (x86)/cypress/psoc creator/4.2/psoc creator/import/gnu/arm/5.4.1/bin/../lib/gcc/arm-none-eabi/5.4.1/../../../../arm-none-eabi/lib/armv6-m\libg_nano.a(lib_a-mlock.o)
 .debug_frame   0x00001e8c       0x30 d:/program files (x86)/cypress/psoc creator/4.2/psoc creator/import/gnu/arm/5.4.1/bin/../lib/gcc/arm-none-eabi/5.4.1/../../../../arm-none-eabi/lib/armv6-m\libg_nano.a(lib_a-nano-reallocr.o)
 .debug_frame   0x00001ebc       0x2c d:/program files (x86)/cypress/psoc creator/4.2/psoc creator/import/gnu/arm/5.4.1/bin/../lib/gcc/arm-none-eabi/5.4.1/../../../../arm-none-eabi/lib/armv6-m\libg_nano.a(lib_a-readr.o)
 .debug_frame   0x00001ee8       0x48 d:/program files (x86)/cypress/psoc creator/4.2/psoc creator/import/gnu/arm/5.4.1/bin/../lib/gcc/arm-none-eabi/5.4.1/../../../../arm-none-eabi/lib/armv6-m\libg_nano.a(lib_a-reent.o)
 .debug_frame   0x00001f30       0x20 d:/program files (x86)/cypress/psoc creator/4.2/psoc creator/import/gnu/arm/5.4.1/bin/../lib/gcc/arm-none-eabi/5.4.1/../../../../arm-none-eabi/lib/armv6-m\libg_nano.a(lib_a-nano-msizer.o)
 .debug_frame   0x00001f50       0x20 d:/program files (x86)/cypress/psoc creator/4.2/psoc creator/import/gnu/arm/5.4.1/bin/../lib/gcc/arm-none-eabi/5.4.1/../../../../arm-none-eabi/lib/armv6-m\libnosys.a(close.o)
 .debug_frame   0x00001f70       0x20 d:/program files (x86)/cypress/psoc creator/4.2/psoc creator/import/gnu/arm/5.4.1/bin/../lib/gcc/arm-none-eabi/5.4.1/../../../../arm-none-eabi/lib/armv6-m\libnosys.a(fstat.o)
 .debug_frame   0x00001f90       0x20 d:/program files (x86)/cypress/psoc creator/4.2/psoc creator/import/gnu/arm/5.4.1/bin/../lib/gcc/arm-none-eabi/5.4.1/../../../../arm-none-eabi/lib/armv6-m\libnosys.a(isatty.o)
 .debug_frame   0x00001fb0       0x20 d:/program files (x86)/cypress/psoc creator/4.2/psoc creator/import/gnu/arm/5.4.1/bin/../lib/gcc/arm-none-eabi/5.4.1/../../../../arm-none-eabi/lib/armv6-m\libnosys.a(lseek.o)
 .debug_frame   0x00001fd0       0x20 d:/program files (x86)/cypress/psoc creator/4.2/psoc creator/import/gnu/arm/5.4.1/bin/../lib/gcc/arm-none-eabi/5.4.1/../../../../arm-none-eabi/lib/armv6-m\libnosys.a(read.o)
 .debug_frame   0x00001ff0       0x20 d:/program files (x86)/cypress/psoc creator/4.2/psoc creator/import/gnu/arm/5.4.1/bin/../lib/gcc/arm-none-eabi/5.4.1/../../../../arm-none-eabi/lib/armv6-m\libnosys.a(times.o)
 .debug_frame   0x00002010       0x20 d:/program files (x86)/cypress/psoc creator/4.2/psoc creator/import/gnu/arm/5.4.1/bin/../lib/gcc/arm-none-eabi/5.4.1/../../../../arm-none-eabi/lib/armv6-m\libnosys.a(write.o)

.debug_str      0x00000000     0x206d
 *(.debug_str)
 .debug_str     0x00000000      0x996 .\CortexM0\ARM_GCC_541\Debug\main.o
                                0xab8 (size before relaxing)
 .debug_str     0x00000996      0x11e .\CortexM0\ARM_GCC_541\Debug\cyfitter_cfg.o
                                0x2c1 (size before relaxing)
 .debug_str     0x00000ab4       0xc4 .\CortexM0\ARM_GCC_541\Debug\cymetadata.o
                                0x1f1 (size before relaxing)
 .debug_str     0x00000b78      0x135 .\CortexM0\ARM_GCC_541\Debug\Cm0Start.o
                                0x2ec (size before relaxing)
 .debug_str     0x00000cad      0x60d .\CortexM0\ARM_GCC_541\Debug\ScienceFirmware.a(CyLib.o)
                                0x800 (size before relaxing)
 .debug_str     0x000012ba      0x6e5 .\CortexM0\ARM_GCC_541\Debug\ScienceFirmware.a(CyLFClk.o)
                                0x908 (size before relaxing)
 .debug_str     0x0000199f      0x149 .\CortexM0\ARM_GCC_541\Debug\ScienceFirmware.a(I2CMaster.o)
                                0x2fd (size before relaxing)
 .debug_str     0x00001ae8       0x98 .\CortexM0\ARM_GCC_541\Debug\ScienceFirmware.a(I2CMaster_I2C.o)
                                0x269 (size before relaxing)
 .debug_str     0x00001b80      0x298 .\CortexM0\ARM_GCC_541\Debug\ScienceFirmware.a(I2CMaster_I2C_MASTER.o)
                                0x549 (size before relaxing)
 .debug_str     0x00001e18      0x162 .\CortexM0\ARM_GCC_541\Debug\ScienceFirmware.a(PWM.o)
                                0x323 (size before relaxing)
 .debug_str     0x00001f7a       0xa0 .\CortexM0\ARM_GCC_541\Debug\ScienceFirmware.a(CyFlash.o)
                                0x29b (size before relaxing)
 .debug_str     0x0000201a       0x53 .\CortexM0\ARM_GCC_541\Debug\ScienceFirmware.a(I2CMaster_I2C_INT.o)
                                0x2fd (size before relaxing)

.debug_loc      0x00000000     0x4bbc
 *(.debug_loc)
 .debug_loc     0x00000000     0x2685 .\CortexM0\ARM_GCC_541\Debug\main.o
 .debug_loc     0x00002685      0x118 .\CortexM0\ARM_GCC_541\Debug\cyfitter_cfg.o
 .debug_loc     0x0000279d      0x14f .\CortexM0\ARM_GCC_541\Debug\Cm0Start.o
 .debug_loc     0x000028ec      0x7c0 .\CortexM0\ARM_GCC_541\Debug\ScienceFirmware.a(CyLib.o)
 .debug_loc     0x000030ac      0xdb7 .\CortexM0\ARM_GCC_541\Debug\ScienceFirmware.a(CyLFClk.o)
 .debug_loc     0x00003e63       0x7e .\CortexM0\ARM_GCC_541\Debug\ScienceFirmware.a(I2CMaster.o)
 .debug_loc     0x00003ee1      0xa49 .\CortexM0\ARM_GCC_541\Debug\ScienceFirmware.a(I2CMaster_I2C_MASTER.o)
 .debug_loc     0x0000492a       0x26 .\CortexM0\ARM_GCC_541\Debug\ScienceFirmware.a(PWM.o)
 .debug_loc     0x00004950      0x160 .\CortexM0\ARM_GCC_541\Debug\ScienceFirmware.a(CyFlash.o)
 .debug_loc     0x00004ab0      0x10c .\CortexM0\ARM_GCC_541\Debug\ScienceFirmware.a(I2CMaster_I2C_INT.o)

.debug_macinfo
 *(.debug_macinfo)

.debug_ranges   0x00000000      0x720
 *(.debug_ranges)
 .debug_ranges  0x00000000      0x1c8 .\CortexM0\ARM_GCC_541\Debug\main.o
 .debug_ranges  0x000001c8       0x30 .\CortexM0\ARM_GCC_541\Debug\cyfitter_cfg.o
 .debug_ranges  0x000001f8       0x38 .\CortexM0\ARM_GCC_541\Debug\Cm0Start.o
 .debug_ranges  0x00000230      0x1b8 .\CortexM0\ARM_GCC_541\Debug\ScienceFirmware.a(CyLib.o)
 .debug_ranges  0x000003e8      0x178 .\CortexM0\ARM_GCC_541\Debug\ScienceFirmware.a(CyLFClk.o)
 .debug_ranges  0x00000560       0x50 .\CortexM0\ARM_GCC_541\Debug\ScienceFirmware.a(I2CMaster.o)
 .debug_ranges  0x000005b0       0x20 .\CortexM0\ARM_GCC_541\Debug\ScienceFirmware.a(I2CMaster_I2C.o)
 .debug_ranges  0x000005d0       0x88 .\CortexM0\ARM_GCC_541\Debug\ScienceFirmware.a(I2CMaster_I2C_MASTER.o)
 .debug_ranges  0x00000658       0x88 .\CortexM0\ARM_GCC_541\Debug\ScienceFirmware.a(PWM.o)
 .debug_ranges  0x000006e0       0x30 .\CortexM0\ARM_GCC_541\Debug\ScienceFirmware.a(CyFlash.o)
 .debug_ranges  0x00000710       0x10 .\CortexM0\ARM_GCC_541\Debug\ScienceFirmware.a(I2CMaster_I2C_INT.o)

.comment        0x00000000       0x6e
 .comment       0x00000000       0x6e .\CortexM0\ARM_GCC_541\Debug\main.o
                                 0x6f (size before relaxing)
 .comment       0x0000006e       0x6f .\CortexM0\ARM_GCC_541\Debug\cyfitter_cfg.o
 .comment       0x0000006e       0x6f .\CortexM0\ARM_GCC_541\Debug\cymetadata.o
 .comment       0x0000006e       0x6f .\CortexM0\ARM_GCC_541\Debug\Cm0Start.o
 .comment       0x0000006e       0x6f .\CortexM0\ARM_GCC_541\Debug\ScienceFirmware.a(CyLib.o)
 .comment       0x0000006e       0x6f .\CortexM0\ARM_GCC_541\Debug\ScienceFirmware.a(CyLFClk.o)
 .comment       0x0000006e       0x6f .\CortexM0\ARM_GCC_541\Debug\ScienceFirmware.a(I2CMaster.o)
 .comment       0x0000006e       0x6f .\CortexM0\ARM_GCC_541\Debug\ScienceFirmware.a(I2CMaster_I2C.o)
 .comment       0x0000006e       0x6f .\CortexM0\ARM_GCC_541\Debug\ScienceFirmware.a(I2CMaster_I2C_MASTER.o)
 .comment       0x0000006e       0x6f .\CortexM0\ARM_GCC_541\Debug\ScienceFirmware.a(PWM.o)
 .comment       0x0000006e       0x6f .\CortexM0\ARM_GCC_541\Debug\ScienceFirmware.a(CyFlash.o)
 .comment       0x0000006e       0x6f .\CortexM0\ARM_GCC_541\Debug\ScienceFirmware.a(I2CMaster_I2C_INT.o)

.debug_weaknames
 *(.debug_weaknames)

.debug_funcnames
 *(.debug_funcnames)

.debug_typenames
 *(.debug_typenames)

.debug_varnames
 *(.debug_varnames)

.note.gnu.arm.ident
 *(.note.gnu.arm.ident)

.ARM.attributes
                0x00000000       0x28
 *(.ARM.attributes)
 .ARM.attributes
                0x00000000       0x1e d:/program files (x86)/cypress/psoc creator/4.2/psoc creator/import/gnu/arm/5.4.1/bin/../lib/gcc/arm-none-eabi/5.4.1/armv6-m/crti.o
 .ARM.attributes
                0x0000001e       0x2c d:/program files (x86)/cypress/psoc creator/4.2/psoc creator/import/gnu/arm/5.4.1/bin/../lib/gcc/arm-none-eabi/5.4.1/armv6-m/crtbegin.o
 .ARM.attributes
                0x0000004a       0x1b d:/program files (x86)/cypress/psoc creator/4.2/psoc creator/import/gnu/arm/5.4.1/bin/../lib/gcc/arm-none-eabi/5.4.1/../../../../arm-none-eabi/lib/armv6-m/crt0.o
 .ARM.attributes
                0x00000065       0x31 .\CortexM0\ARM_GCC_541\Debug\main.o
 .ARM.attributes
                0x00000096       0x31 .\CortexM0\ARM_GCC_541\Debug\cyfitter_cfg.o
 .ARM.attributes
                0x000000c7       0x31 .\CortexM0\ARM_GCC_541\Debug\cymetadata.o
 .ARM.attributes
                0x000000f8       0x31 .\CortexM0\ARM_GCC_541\Debug\Cm0Start.o
 .ARM.attributes
                0x00000129       0x31 .\CortexM0\ARM_GCC_541\Debug\ScienceFirmware.a(CyLib.o)
 .ARM.attributes
                0x0000015a       0x31 .\CortexM0\ARM_GCC_541\Debug\ScienceFirmware.a(CyLFClk.o)
 .ARM.attributes
                0x0000018b       0x31 .\CortexM0\ARM_GCC_541\Debug\ScienceFirmware.a(I2CMaster.o)
 .ARM.attributes
                0x000001bc       0x31 .\CortexM0\ARM_GCC_541\Debug\ScienceFirmware.a(I2CMaster_I2C.o)
 .ARM.attributes
                0x000001ed       0x31 .\CortexM0\ARM_GCC_541\Debug\ScienceFirmware.a(I2CMaster_I2C_MASTER.o)
 .ARM.attributes
                0x0000021e       0x31 .\CortexM0\ARM_GCC_541\Debug\ScienceFirmware.a(PWM.o)
 .ARM.attributes
                0x0000024f       0x21 .\CortexM0\ARM_GCC_541\Debug\ScienceFirmware.a(CyBootAsmGnu.o)
 .ARM.attributes
                0x00000270       0x31 .\CortexM0\ARM_GCC_541\Debug\ScienceFirmware.a(CyFlash.o)
 .ARM.attributes
                0x000002a1       0x31 .\CortexM0\ARM_GCC_541\Debug\ScienceFirmware.a(I2CMaster_I2C_INT.o)
 .ARM.attributes
                0x000002d2       0x1e d:/program files (x86)/cypress/psoc creator/4.2/psoc creator/import/gnu/arm/5.4.1/bin/../lib/gcc/arm-none-eabi/5.4.1/armv6-m\libgcc.a(_udivsi3.o)
 .ARM.attributes
                0x000002f0       0x1e d:/program files (x86)/cypress/psoc creator/4.2/psoc creator/import/gnu/arm/5.4.1/bin/../lib/gcc/arm-none-eabi/5.4.1/armv6-m\libgcc.a(_divsi3.o)
 .ARM.attributes
                0x0000030e       0x1e d:/program files (x86)/cypress/psoc creator/4.2/psoc creator/import/gnu/arm/5.4.1/bin/../lib/gcc/arm-none-eabi/5.4.1/armv6-m\libgcc.a(_dvmd_tls.o)
 .ARM.attributes
                0x0000032c       0x1e d:/program files (x86)/cypress/psoc creator/4.2/psoc creator/import/gnu/arm/5.4.1/bin/../lib/gcc/arm-none-eabi/5.4.1/armv6-m\libgcc.a(_aeabi_ldivmod.o)
 .ARM.attributes
                0x0000034a       0x2c d:/program files (x86)/cypress/psoc creator/4.2/psoc creator/import/gnu/arm/5.4.1/bin/../lib/gcc/arm-none-eabi/5.4.1/armv6-m\libgcc.a(_muldi3.o)
 .ARM.attributes
                0x00000376       0x2c d:/program files (x86)/cypress/psoc creator/4.2/psoc creator/import/gnu/arm/5.4.1/bin/../lib/gcc/arm-none-eabi/5.4.1/armv6-m\libgcc.a(bpabi.o)
 .ARM.attributes
                0x000003a2       0x2c d:/program files (x86)/cypress/psoc creator/4.2/psoc creator/import/gnu/arm/5.4.1/bin/../lib/gcc/arm-none-eabi/5.4.1/armv6-m\libgcc.a(_divdi3.o)
 .ARM.attributes
                0x000003ce       0x1e d:/program files (x86)/cypress/psoc creator/4.2/psoc creator/import/gnu/arm/5.4.1/bin/../lib/gcc/arm-none-eabi/5.4.1/armv6-m\libgcc.a(_clzdi2.o)
 .ARM.attributes
                0x000003ec       0x1e d:/program files (x86)/cypress/psoc creator/4.2/psoc creator/import/gnu/arm/5.4.1/bin/../lib/gcc/arm-none-eabi/5.4.1/armv6-m\libgcc.a(_clzsi2.o)
 .ARM.attributes
                0x0000040a       0x2c d:/program files (x86)/cypress/psoc creator/4.2/psoc creator/import/gnu/arm/5.4.1/bin/../lib/gcc/arm-none-eabi/5.4.1/../../../../arm-none-eabi/lib/armv6-m\libg_nano.a(lib_a-clock.o)
 .ARM.attributes
                0x00000436       0x2c d:/program files (x86)/cypress/psoc creator/4.2/psoc creator/import/gnu/arm/5.4.1/bin/../lib/gcc/arm-none-eabi/5.4.1/../../../../arm-none-eabi/lib/armv6-m\libg_nano.a(lib_a-errno.o)
 .ARM.attributes
                0x00000462       0x2c d:/program files (x86)/cypress/psoc creator/4.2/psoc creator/import/gnu/arm/5.4.1/bin/../lib/gcc/arm-none-eabi/5.4.1/../../../../arm-none-eabi/lib/armv6-m\libg_nano.a(lib_a-exit.o)
 .ARM.attributes
                0x0000048e       0x2c d:/program files (x86)/cypress/psoc creator/4.2/psoc creator/import/gnu/arm/5.4.1/bin/../lib/gcc/arm-none-eabi/5.4.1/../../../../arm-none-eabi/lib/armv6-m\libg_nano.a(lib_a-impure.o)
 .ARM.attributes
                0x000004ba       0x2c d:/program files (x86)/cypress/psoc creator/4.2/psoc creator/import/gnu/arm/5.4.1/bin/../lib/gcc/arm-none-eabi/5.4.1/../../../../arm-none-eabi/lib/armv6-m\libg_nano.a(lib_a-init.o)
 .ARM.attributes
                0x000004e6       0x2c d:/program files (x86)/cypress/psoc creator/4.2/psoc creator/import/gnu/arm/5.4.1/bin/../lib/gcc/arm-none-eabi/5.4.1/../../../../arm-none-eabi/lib/armv6-m\libg_nano.a(lib_a-memcpy-stub.o)
 .ARM.attributes
                0x00000512       0x2c d:/program files (x86)/cypress/psoc creator/4.2/psoc creator/import/gnu/arm/5.4.1/bin/../lib/gcc/arm-none-eabi/5.4.1/../../../../arm-none-eabi/lib/armv6-m\libg_nano.a(lib_a-memset.o)
 .ARM.attributes
                0x0000053e       0x2c d:/program files (x86)/cypress/psoc creator/4.2/psoc creator/import/gnu/arm/5.4.1/bin/../lib/gcc/arm-none-eabi/5.4.1/../../../../arm-none-eabi/lib/armv6-m\libg_nano.a(lib_a-printf.o)
 .ARM.attributes
                0x0000056a       0x2c d:/program files (x86)/cypress/psoc creator/4.2/psoc creator/import/gnu/arm/5.4.1/bin/../lib/gcc/arm-none-eabi/5.4.1/../../../../arm-none-eabi/lib/armv6-m\libg_nano.a(lib_a-puts.o)
 .ARM.attributes
                0x00000596       0x2c d:/program files (x86)/cypress/psoc creator/4.2/psoc creator/import/gnu/arm/5.4.1/bin/../lib/gcc/arm-none-eabi/5.4.1/../../../../arm-none-eabi/lib/armv6-m\libg_nano.a(lib_a-timesr.o)
 .ARM.attributes
                0x000005c2       0x2c d:/program files (x86)/cypress/psoc creator/4.2/psoc creator/import/gnu/arm/5.4.1/bin/../lib/gcc/arm-none-eabi/5.4.1/../../../../arm-none-eabi/lib/armv6-m\libg_nano.a(lib_a-wbuf.o)
 .ARM.attributes
                0x000005ee       0x2c d:/program files (x86)/cypress/psoc creator/4.2/psoc creator/import/gnu/arm/5.4.1/bin/../lib/gcc/arm-none-eabi/5.4.1/../../../../arm-none-eabi/lib/armv6-m\libg_nano.a(lib_a-wsetup.o)
 .ARM.attributes
                0x0000061a       0x2c d:/program files (x86)/cypress/psoc creator/4.2/psoc creator/import/gnu/arm/5.4.1/bin/../lib/gcc/arm-none-eabi/5.4.1/../../../../arm-none-eabi/lib/armv6-m\libg_nano.a(lib_a-fflush.o)
 .ARM.attributes
                0x00000646       0x2c d:/program files (x86)/cypress/psoc creator/4.2/psoc creator/import/gnu/arm/5.4.1/bin/../lib/gcc/arm-none-eabi/5.4.1/../../../../arm-none-eabi/lib/armv6-m\libg_nano.a(lib_a-findfp.o)
 .ARM.attributes
                0x00000672       0x2c d:/program files (x86)/cypress/psoc creator/4.2/psoc creator/import/gnu/arm/5.4.1/bin/../lib/gcc/arm-none-eabi/5.4.1/../../../../arm-none-eabi/lib/armv6-m\libg_nano.a(lib_a-fwalk.o)
 .ARM.attributes
                0x0000069e       0x2c d:/program files (x86)/cypress/psoc creator/4.2/psoc creator/import/gnu/arm/5.4.1/bin/../lib/gcc/arm-none-eabi/5.4.1/../../../../arm-none-eabi/lib/armv6-m\libg_nano.a(lib_a-makebuf.o)
 .ARM.attributes
                0x000006ca       0x2c d:/program files (x86)/cypress/psoc creator/4.2/psoc creator/import/gnu/arm/5.4.1/bin/../lib/gcc/arm-none-eabi/5.4.1/../../../../arm-none-eabi/lib/armv6-m\libg_nano.a(lib_a-nano-freer.o)
 .ARM.attributes
                0x000006f6       0x2c d:/program files (x86)/cypress/psoc creator/4.2/psoc creator/import/gnu/arm/5.4.1/bin/../lib/gcc/arm-none-eabi/5.4.1/../../../../arm-none-eabi/lib/armv6-m\libg_nano.a(lib_a-nano-mallocr.o)
 .ARM.attributes
                0x00000722       0x2c d:/program files (x86)/cypress/psoc creator/4.2/psoc creator/import/gnu/arm/5.4.1/bin/../lib/gcc/arm-none-eabi/5.4.1/../../../../arm-none-eabi/lib/armv6-m\libg_nano.a(lib_a-nano-vfprintf.o)
 .ARM.attributes
                0x0000074e       0x2c d:/program files (x86)/cypress/psoc creator/4.2/psoc creator/import/gnu/arm/5.4.1/bin/../lib/gcc/arm-none-eabi/5.4.1/../../../../arm-none-eabi/lib/armv6-m\libg_nano.a(lib_a-nano-vfprintf_i.o)
 .ARM.attributes
                0x0000077a       0x2c d:/program files (x86)/cypress/psoc creator/4.2/psoc creator/import/gnu/arm/5.4.1/bin/../lib/gcc/arm-none-eabi/5.4.1/../../../../arm-none-eabi/lib/armv6-m\libg_nano.a(lib_a-sbrkr.o)
 .ARM.attributes
                0x000007a6       0x2c d:/program files (x86)/cypress/psoc creator/4.2/psoc creator/import/gnu/arm/5.4.1/bin/../lib/gcc/arm-none-eabi/5.4.1/../../../../arm-none-eabi/lib/armv6-m\libg_nano.a(lib_a-stdio.o)
 .ARM.attributes
                0x000007d2       0x2c d:/program files (x86)/cypress/psoc creator/4.2/psoc creator/import/gnu/arm/5.4.1/bin/../lib/gcc/arm-none-eabi/5.4.1/../../../../arm-none-eabi/lib/armv6-m\libg_nano.a(lib_a-writer.o)
 .ARM.attributes
                0x000007fe       0x2c d:/program files (x86)/cypress/psoc creator/4.2/psoc creator/import/gnu/arm/5.4.1/bin/../lib/gcc/arm-none-eabi/5.4.1/../../../../arm-none-eabi/lib/armv6-m\libg_nano.a(lib_a-closer.o)
 .ARM.attributes
                0x0000082a       0x2c d:/program files (x86)/cypress/psoc creator/4.2/psoc creator/import/gnu/arm/5.4.1/bin/../lib/gcc/arm-none-eabi/5.4.1/../../../../arm-none-eabi/lib/armv6-m\libg_nano.a(lib_a-fstatr.o)
 .ARM.attributes
                0x00000856       0x2c d:/program files (x86)/cypress/psoc creator/4.2/psoc creator/import/gnu/arm/5.4.1/bin/../lib/gcc/arm-none-eabi/5.4.1/../../../../arm-none-eabi/lib/armv6-m\libg_nano.a(lib_a-fvwrite.o)
 .ARM.attributes
                0x00000882       0x2c d:/program files (x86)/cypress/psoc creator/4.2/psoc creator/import/gnu/arm/5.4.1/bin/../lib/gcc/arm-none-eabi/5.4.1/../../../../arm-none-eabi/lib/armv6-m\libg_nano.a(lib_a-isattyr.o)
 .ARM.attributes
                0x000008ae       0x2c d:/program files (x86)/cypress/psoc creator/4.2/psoc creator/import/gnu/arm/5.4.1/bin/../lib/gcc/arm-none-eabi/5.4.1/../../../../arm-none-eabi/lib/armv6-m\libg_nano.a(lib_a-lseekr.o)
 .ARM.attributes
                0x000008da       0x2c d:/program files (x86)/cypress/psoc creator/4.2/psoc creator/import/gnu/arm/5.4.1/bin/../lib/gcc/arm-none-eabi/5.4.1/../../../../arm-none-eabi/lib/armv6-m\libg_nano.a(lib_a-memchr-stub.o)
 .ARM.attributes
                0x00000906       0x2c d:/program files (x86)/cypress/psoc creator/4.2/psoc creator/import/gnu/arm/5.4.1/bin/../lib/gcc/arm-none-eabi/5.4.1/../../../../arm-none-eabi/lib/armv6-m\libg_nano.a(lib_a-memmove.o)
 .ARM.attributes
                0x00000932       0x2c d:/program files (x86)/cypress/psoc creator/4.2/psoc creator/import/gnu/arm/5.4.1/bin/../lib/gcc/arm-none-eabi/5.4.1/../../../../arm-none-eabi/lib/armv6-m\libg_nano.a(lib_a-mlock.o)
 .ARM.attributes
                0x0000095e       0x2c d:/program files (x86)/cypress/psoc creator/4.2/psoc creator/import/gnu/arm/5.4.1/bin/../lib/gcc/arm-none-eabi/5.4.1/../../../../arm-none-eabi/lib/armv6-m\libg_nano.a(lib_a-nano-reallocr.o)
 .ARM.attributes
                0x0000098a       0x2c d:/program files (x86)/cypress/psoc creator/4.2/psoc creator/import/gnu/arm/5.4.1/bin/../lib/gcc/arm-none-eabi/5.4.1/../../../../arm-none-eabi/lib/armv6-m\libg_nano.a(lib_a-readr.o)
 .ARM.attributes
                0x000009b6       0x2c d:/program files (x86)/cypress/psoc creator/4.2/psoc creator/import/gnu/arm/5.4.1/bin/../lib/gcc/arm-none-eabi/5.4.1/../../../../arm-none-eabi/lib/armv6-m\libg_nano.a(lib_a-reent.o)
 .ARM.attributes
                0x000009e2       0x2c d:/program files (x86)/cypress/psoc creator/4.2/psoc creator/import/gnu/arm/5.4.1/bin/../lib/gcc/arm-none-eabi/5.4.1/../../../../arm-none-eabi/lib/armv6-m\libg_nano.a(lib_a-nano-msizer.o)
 .ARM.attributes
                0x00000a0e       0x2c d:/program files (x86)/cypress/psoc creator/4.2/psoc creator/import/gnu/arm/5.4.1/bin/../lib/gcc/arm-none-eabi/5.4.1/armv6-m/crtend.o
 .ARM.attributes
                0x00000a3a       0x1e d:/program files (x86)/cypress/psoc creator/4.2/psoc creator/import/gnu/arm/5.4.1/bin/../lib/gcc/arm-none-eabi/5.4.1/armv6-m/crtn.o
 .ARM.attributes
                0x00000a58       0x2c d:/program files (x86)/cypress/psoc creator/4.2/psoc creator/import/gnu/arm/5.4.1/bin/../lib/gcc/arm-none-eabi/5.4.1/../../../../arm-none-eabi/lib/armv6-m\libnosys.a(close.o)
 .ARM.attributes
                0x00000a84       0x2c d:/program files (x86)/cypress/psoc creator/4.2/psoc creator/import/gnu/arm/5.4.1/bin/../lib/gcc/arm-none-eabi/5.4.1/../../../../arm-none-eabi/lib/armv6-m\libnosys.a(fstat.o)
 .ARM.attributes
                0x00000ab0       0x2c d:/program files (x86)/cypress/psoc creator/4.2/psoc creator/import/gnu/arm/5.4.1/bin/../lib/gcc/arm-none-eabi/5.4.1/../../../../arm-none-eabi/lib/armv6-m\libnosys.a(isatty.o)
 .ARM.attributes
                0x00000adc       0x2c d:/program files (x86)/cypress/psoc creator/4.2/psoc creator/import/gnu/arm/5.4.1/bin/../lib/gcc/arm-none-eabi/5.4.1/../../../../arm-none-eabi/lib/armv6-m\libnosys.a(lseek.o)
 .ARM.attributes
                0x00000b08       0x2c d:/program files (x86)/cypress/psoc creator/4.2/psoc creator/import/gnu/arm/5.4.1/bin/../lib/gcc/arm-none-eabi/5.4.1/../../../../arm-none-eabi/lib/armv6-m\libnosys.a(read.o)
 .ARM.attributes
                0x00000b34       0x2c d:/program files (x86)/cypress/psoc creator/4.2/psoc creator/import/gnu/arm/5.4.1/bin/../lib/gcc/arm-none-eabi/5.4.1/../../../../arm-none-eabi/lib/armv6-m\libnosys.a(times.o)
 .ARM.attributes
                0x00000b60       0x2c d:/program files (x86)/cypress/psoc creator/4.2/psoc creator/import/gnu/arm/5.4.1/bin/../lib/gcc/arm-none-eabi/5.4.1/../../../../arm-none-eabi/lib/armv6-m\libnosys.a(write.o)

/DISCARD/
 *(.note.GNU-stack)
OUTPUT(C:\Users\simon\Desktop\ScienceFirmware.cydsn\CortexM0\ARM_GCC_541\Debug\ScienceFirmware.elf elf32-littlearm)
